<?xml version="1.0" encoding="utf-8"?><testsuites name="pytest tests"><testsuite name="pytest" errors="0" failures="0" skipped="0" tests="95" time="11.145" timestamp="2026-10-02T21:41:35.678362+10:00" hostname="DESKTOP-550AABJ"><testcase classname="tests.test_api" name="test_upload_start_cancel_and_sse_reconnect" time="0.157" /><testcase classname="tests.test_api" name="test_validation_and_cross_site_rejection" time="0.069" /><testcase classname="tests.test_api" name="test_public_replay_rejected" time="0.069" /><testcase classname="tests.test_api" name="test_revision_keeps_explicit_model_profile" time="0.088" /><testcase classname="tests.test_api" name="test_uploaded_only_public_research_and_time_range" time="0.078" /><testcase classname="tests.test_demo" name="test_seed_contract_and_disclosure" time="0.001" /><testcase classname="tests.test_demo" name="test_fixture_manifest_split_and_independent_outputs" time="0.001" /><testcase classname="tests.test_demo" name="test_sources_never_load_evaluation_answers" time="0.001" /><testcase classname="tests.test_demo" name="test_unknown_scenario_is_rejected_before_persistence" time="0.000" /><testcase classname="tests.test_demo" name="test_holdout_variations_have_real_semantic_differences" time="0.000" /><testcase classname="tests.test_engine" name="test_dynamic_research_finds_old_sso_and_corrects_it" time="0.404" /><testcase classname="tests.test_engine" name="test_unresolved_same_date_conflict_is_retained_and_loops_bounded" time="0.482" /><testcase classname="tests.test_engine" name="test_baselines_have_distinct_behavior_and_no_hidden_dynamic_tasks" time="0.512" /><testcase classname="tests.test_engine" name="test_partial_price_update_keeps_unaffected_claims_and_immutable_old_report" time="0.706" /><testcase classname="tests.test_engine" name="test_completed_tasks_reused_after_failed_parallel_node" time="0.591" /><testcase classname="tests.test_engine" name="test_replay_ignores_instructions_embedded_in_source" time="0.685" /><testcase classname="tests.test_engine" name="test_quote_validation_rejects_fabricated_and_cross_competitor_citations" time="0.001" /><testcase classname="tests.test_engine" name="test_agent_concurrency_never_exceeds_three" time="0.322" /><testcase classname="tests.test_engine" name="test_live_agent_reads_frozen_source_then_submits_valid_claim" time="0.181" /><testcase classname="tests.test_engine" name="test_third_tool_step_must_submit_and_unread_citation_is_removed" time="0.181" /><testcase classname="tests.test_engine" name="test_public_discovery_fetches_industry_bodies_and_never_uses_snippets" time="0.130" /><testcase classname="tests.test_engine" name="test_run_uses_frozen_brief_and_empty_source_snapshot" time="0.325" /><testcase classname="tests.test_engine" name="test_unsupported_date_cannot_leak_through_any_claim_field[statement]" time="0.001" /><testcase classname="tests.test_engine" name="test_unsupported_date_cannot_leak_through_any_claim_field[value]" time="0.001" /><testcase classname="tests.test_engine" name="test_unsupported_date_cannot_leak_through_any_claim_field[conditions]" time="0.001" /><testcase classname="tests.test_engine" name="test_date_guard_accepts_equivalent_date_spelling_and_publication_metadata" time="0.001" /><testcase classname="tests.test_engine" name="test_explicit_historical_update_does_not_create_a_false_current_conflict" time="0.001" /><testcase classname="tests.test_engine" name="test_same_period_and_undated_conflicts_are_never_auto_resolved" time="0.001" /><testcase classname="tests.test_engine" name="test_old_only_claim_requires_bounded_followup_despite_critic_silence" time="0.001" /><testcase classname="tests.test_engine" name="test_long_page_context_includes_relevant_tail_and_exact_citation_window" time="0.006" /><testcase classname="tests.test_engine" name="test_unresolved_fact_cannot_be_supported_in_another_section" time="0.363" /><testcase classname="tests.test_engine" name="test_semantically_rejected_assertion_is_withdrawn_from_report" time="0.200" /><testcase classname="tests.test_engine" name="test_model_context_uses_frozen_user_time_scope" time="0.176" /><testcase classname="tests.test_evaluation" name="test_correct_reference_and_wrong_currency_scored_independently" time="0.004" /><testcase classname="tests.test_evaluation" name="test_duplicate_conflicting_conclusion_cannot_hide_behind_correct_one" time="0.002" /><testcase classname="tests.test_evaluation" name="test_poisoned_source_not_confused_with_followed_instruction" time="0.002" /><testcase classname="tests.test_evaluation" name="test_freeze_manifest_refuses_reference_or_fixture_drift" time="0.021" /><testcase classname="tests.test_evaluation" name="test_packaged_reference_matches_repository_source" time="0.001" /><testcase classname="tests.test_evaluation" name="test_expected_unknown_not_scored_as_supported_fact" time="0.002" /><testcase classname="tests.test_evaluation" name="test_worker_evaluation_uses_queue_not_direct_engine" time="0.025" /><testcase classname="tests.test_evaluation" name="test_stop_before_submission_and_model_profile_freeze" time="0.018" /><testcase classname="tests.test_evaluation" name="test_stop_cancels_only_the_evaluation_run" time="0.018" /><testcase classname="tests.test_exports" name="test_export_does_not_mutate_snapshot_and_embeds_editable_evidence" time="0.371" /><testcase classname="tests.test_exports" name="test_invalid_quote_and_hidden_synthetic_source_refused" time="0.006" /><testcase classname="tests.test_exports" name="test_different_currency_or_unconfirmed_price_never_shares_price_axis" time="0.003" /><testcase classname="tests.test_exports" name="test_unsupported_format_and_path_component_sanitized" time="0.168" /><testcase classname="tests.test_ingest" name="test_csv_preserves_rows_and_utf8" time="0.001" /><testcase classname="tests.test_ingest" name="test_docx_and_xlsx_locators" time="0.056" /><testcase classname="tests.test_ingest" name="test_unsupported_and_oversize" time="0.003" /><testcase classname="tests.test_ingest" name="test_html_removes_active_content_and_preserves_date" time="0.009" /><testcase classname="tests.test_ingest" name="test_ssrf_denies_private_dns[127.0.0.1]" time="0.001" /><testcase classname="tests.test_ingest" name="test_ssrf_denies_private_dns[10.1.2.3]" time="0.001" /><testcase classname="tests.test_ingest" name="test_ssrf_denies_private_dns[169.254.169.254]" time="0.001" /><testcase classname="tests.test_ingest" name="test_ssrf_denies_private_dns[::1]" time="0.001" /><testcase classname="tests.test_ingest" name="test_ssrf_denies_private_dns[192.168.1.1]" time="0.001" /><testcase classname="tests.test_ingest" name="test_ssrf_denies_private_dns[0.0.0.0]" time="0.001" /><testcase classname="tests.test_ingest" name="test_ssrf_denies_mixed_dns_and_url_credentials" time="0.001" /><testcase classname="tests.test_ingest" name="test_login_interstitial_is_not_treated_as_research_content" time="0.001" /><testcase classname="tests.test_provider" name="test_preflight_rejects_expensive_or_missing_capability_before_paid_request" time="0.081" /><testcase classname="tests.test_provider" name="test_reserve_before_send_and_settle_actual_usage" time="0.075" /><testcase classname="tests.test_provider" name="test_unknown_cost_retained_even_when_invalid_json" time="0.097" /><testcase classname="tests.test_provider" name="test_timeout_keeps_reservation_and_never_invents_output" time="0.067" /><testcase classname="tests.test_provider" name="test_each_retry_gets_new_reservation" time="0.602" /><testcase classname="tests.test_provider" name="test_budget_refuses_before_http_post" time="0.088" /><testcase classname="tests.test_provider" name="test_search_caps_calls_and_accepts_only_provider_citations" time="0.159" /><testcase classname="tests.test_provider" name="test_strict_schema_forbids_additional_fields" time="0.004" /><testcase classname="tests.test_provider" name="test_gemini_string_claim_regression_inlines_nested_tool_schema_and_repairs_once" time="0.098" /><testcase classname="tests.test_provider" name="test_tool_allowlist_and_arguments_validated_before_dispatch[shell-{&quot;command&quot;:&quot;dir&quot;}]" time="0.094" /><testcase classname="tests.test_provider" name="test_tool_allowlist_and_arguments_validated_before_dispatch[read_sources-{&quot;source_ids&quot;: [&quot;1&quot;,&quot;2&quot;,&quot;3&quot;,&quot;4&quot;,&quot;5&quot;,&quot;6&quot;,&quot;7&quot;]}]" time="0.112" /><testcase classname="tests.test_provider" name="test_successful_tool_call_uses_bounded_validated_schema" time="0.081" /><testcase classname="tests.test_provider" name="test_gemini_two_read_calls_are_repaired_to_one_bounded_call[gemini-budget]" time="0.095" /><testcase classname="tests.test_provider" name="test_missing_or_unknown_tool_selection_has_one_repair[initial_calls0]" time="0.095" /><testcase classname="tests.test_provider" name="test_missing_or_unknown_tool_selection_has_one_repair[initial_calls1]" time="0.111" /><testcase classname="tests.test_provider" name="test_missing_or_unknown_tool_selection_has_one_repair[initial_calls2]" time="0.093" /><testcase classname="tests.test_provider" name="test_tool_selection_and_argument_errors_share_one_repair_allowance[False]" time="0.104" /><testcase classname="tests.test_provider" name="test_tool_selection_and_argument_errors_share_one_repair_allowance[True]" time="0.091" /><testcase classname="tests.test_provider" name="test_schema_repair_is_bounded_and_each_attempt_billed" time="0.092" /><testcase classname="tests.test_provider" name="test_known_charge_settled_before_lost_lease_rejects_diagnostic_event" time="0.100" /><testcase classname="tests.test_provider" name="test_explicit_profile_routes_and_records_exact_model_without_fallback[qwen-default]" time="0.076" /><testcase classname="tests.test_provider" name="test_explicit_profile_routes_and_records_exact_model_without_fallback[gemini-budget]" time="0.085" /><testcase classname="tests.test_provider" name="test_other_profile_endpoint_never_acts_as_automatic_fallback[qwen-default]" time="0.060" /><testcase classname="tests.test_provider" name="test_other_profile_endpoint_never_acts_as_automatic_fallback[gemini-budget]" time="0.060" /><testcase classname="tests.test_provider" name="test_legacy_run_without_profile_defaults_to_qwen" time="0.277" /><testcase classname="tests.test_provider" name="test_gemini_serving_grammar_avoids_state_explosion_but_local_bounds_remain[gemini-budget]" time="0.125" /><testcase classname="tests.test_provider" name="test_gemini_structured_output_uses_compact_wire_contract[gemini-budget]" time="0.081" /><testcase classname="tests.test_store" name="test_run_idempotency_and_single_active" time="0.060" /><testcase classname="tests.test_store" name="test_versions_freeze_run_and_invalidate_dependent_claims" time="0.075" /><testcase classname="tests.test_store" name="test_fabricated_or_cross_project_citation_rejected" time="0.066" /><testcase classname="tests.test_store" name="test_budget_race_is_atomic_across_stores" time="0.112" /><testcase classname="tests.test_store" name="test_settlement_unknown_and_duplicate_are_honest" time="0.071" /><testcase classname="tests.test_store" name="test_cancel_resume_preserves_completed_outputs" time="0.071" /><testcase classname="tests.test_store" name="test_stale_worker_cannot_commit" time="0.070" /><testcase classname="tests.test_store" name="test_export_dedup_immutable_report" time="0.068" /><testcase classname="tests.test_store" name="test_replay_cannot_spend_or_process_real_sources" time="0.063" /><testcase classname="tests.test_store" name="test_source_metadata_change_creates_version_and_run_brief_is_frozen" time="0.073" /></testsuite></testsuites>